// Jest Snapshot v1, https://goo.gl/fbAQLP

exports[`Terminal.app theme generator should provide installation instructions 1`] = `
"
1. Launch Terminal.app and open the preferences (\`cmd\`-\`,\`)
2. Click Profile > (gear icon) > Import...
3. Choose the generated files (\`themer-dark.terminal\` / \`themer-light.terminal\`)
"
`;
