// Jest Snapshot v1, https://goo.gl/fbAQLP

exports[`render function should properly render a package.json file 1`] = `
Object {
  "categories": Array [
    "Themes",
  ],
  "contributes": Object {
    "themes": Array [
      Object {
        "label": "Themer Dark",
        "path": "themes/themer-dark-color-theme.json",
        "uiTheme": "vs-dark",
      },
      Object {
        "label": "Themer Light",
        "path": "themes/themer-light-color-theme.json",
        "uiTheme": "vs",
      },
    ],
  },
  "description": "Personal theme generated by themer",
  "displayName": "Themer VS Code Themes",
  "engines": Object {
    "vscode": "^1.14.0",
  },
  "icon": "icon.svg",
  "name": "theme-themer-vscode",
  "publisher": "Themer",
}
`;

exports[`render function should properly render a simple README.md file 1`] = `"Your personal themes, generated by the [VS Code template](https://github.com/mjswensen/themer/tree/master/cli/packages/themer-vscode) for [themer](https://github.com/mjswensen/themer)."`;

exports[`render function should properly render an icon file when given both light and dark colors 1`] = `
"
        <svg width=\\"400px\\" height=\\"400px\\" viewBox=\\"0 0 400 400\\" version=\\"1.1\\" xmlns=\\"http://www.w3.org/2000/svg\\" xmlns:xlink=\\"http://www.w3.org/1999/xlink\\">
          <defs>
            <linearGradient x1=\\"0%\\" y1=\\"50%\\" x2=\\"100%\\" y2=\\"50%\\" id=\\"shadeGradientLight\\">
              <stop stop-color=\\"#E0DCE0\\" offset=\\"0%\\"></stop>
              <stop stop-color=\\"#C1BCC2\\" offset=\\"16.67%\\"></stop>
              <stop stop-color=\\"#A29DA3\\" offset=\\"33.33%\\"></stop>
              <stop stop-color=\\"#847E85\\" offset=\\"50%\\"></stop>
              <stop stop-color=\\"#656066\\" offset=\\"66.67%\\"></stop>
              <stop stop-color=\\"#474247\\" offset=\\"83.33%\\"></stop>
              <stop stop-color=\\"#282629\\" offset=\\"100%\\"></stop>
            </linearGradient>
            <linearGradient x1=\\"0%\\" y1=\\"50%\\" x2=\\"100%\\" y2=\\"50%\\" id=\\"shadeGradientDark\\">
              <stop stop-color=\\"#474247\\" offset=\\"0%\\"></stop>
              <stop stop-color=\\"#656066\\" offset=\\"16.67%\\"></stop>
              <stop stop-color=\\"#847E85\\" offset=\\"33.33%\\"></stop>
              <stop stop-color=\\"#A29DA3\\" offset=\\"50%\\"></stop>
              <stop stop-color=\\"#C1BCC2\\" offset=\\"66.67%\\"></stop>
              <stop stop-color=\\"#E0DCE0\\" offset=\\"83.33%\\"></stop>
              <stop stop-color=\\"#FFFCFF\\" offset=\\"100%\\"></stop>
            </linearGradient>
          </defs>
          <g id=\\"light\\">
            <rect fill=\\"#FFFCFF\\" x=\\"0\\" y=\\"0\\" width=\\"400\\" height=\\"200\\"></rect>
            <rect fill=\\"#F03E4D\\" x=\\"28\\" y=\\"28\\" width=\\"74\\" height=\\"37\\"></rect>
            <rect fill=\\"#F37735\\" x=\\"118\\" y=\\"28\\" width=\\"74\\" height=\\"37\\"></rect>
            <rect fill=\\"#EEBA21\\" x=\\"208\\" y=\\"28\\" width=\\"74\\" height=\\"37\\"></rect>
            <rect fill=\\"#97BD2D\\" x=\\"298\\" y=\\"28\\" width=\\"74\\" height=\\"37\\"></rect>
            <rect fill=\\"#1FC598\\" x=\\"28\\" y=\\"81\\" width=\\"74\\" height=\\"37\\"></rect>
            <rect fill=\\"#53A6E1\\" x=\\"118\\" y=\\"81\\" width=\\"74\\" height=\\"37\\"></rect>
            <rect fill=\\"#BF65F0\\" x=\\"208\\" y=\\"81\\" width=\\"74\\" height=\\"37\\"></rect>
            <rect fill=\\"#EE4EB8\\" x=\\"298\\" y=\\"81\\" width=\\"74\\" height=\\"37\\"></rect>
            <rect fill=\\"url(#shadeGradientLight)\\" x=\\"28\\" y=\\"134\\" width=\\"344\\" height=\\"37\\"></rect>
          </g>
          <g id=\\"dark\\" transform=\\"translate(0.000000, 200.000000)\\">
            <rect fill=\\"#282629\\" x=\\"0\\" y=\\"0\\" width=\\"400\\" height=\\"200\\"></rect>
            <rect fill=\\"#FF4050\\" x=\\"28\\" y=\\"28\\" width=\\"74\\" height=\\"37\\"></rect>
            <rect fill=\\"#F28144\\" x=\\"118\\" y=\\"28\\" width=\\"74\\" height=\\"37\\"></rect>
            <rect fill=\\"#FFD24A\\" x=\\"208\\" y=\\"28\\" width=\\"74\\" height=\\"37\\"></rect>
            <rect fill=\\"#A4CC35\\" x=\\"298\\" y=\\"28\\" width=\\"74\\" height=\\"37\\"></rect>
            <rect fill=\\"#26C99E\\" x=\\"28\\" y=\\"81\\" width=\\"74\\" height=\\"37\\"></rect>
            <rect fill=\\"#66BFFF\\" x=\\"118\\" y=\\"81\\" width=\\"74\\" height=\\"37\\"></rect>
            <rect fill=\\"#CC78FA\\" x=\\"208\\" y=\\"81\\" width=\\"74\\" height=\\"37\\"></rect>
            <rect fill=\\"#F553BF\\" x=\\"298\\" y=\\"81\\" width=\\"74\\" height=\\"37\\"></rect>
            <rect fill=\\"url(#shadeGradientDark)\\" x=\\"28\\" y=\\"134\\" width=\\"344\\" height=\\"37\\"></rect>
          </g>
        </svg>
      "
`;

exports[`render function should properly render an icon file when given only one set of colors 1`] = `
"
      <svg width=\\"400px\\" height=\\"400px\\" viewBox=\\"0 0 400 400\\" version=\\"1.1\\" xmlns=\\"http://www.w3.org/2000/svg\\" xmlns:xlink=\\"http://www.w3.org/1999/xlink\\">
        <defs>
          <linearGradient x1=\\"0%\\" y1=\\"50%\\" x2=\\"100%\\" y2=\\"50%\\" id=\\"shadeGradient\\">
            <stop stop-color=\\"#E0DCE0\\" offset=\\"0%\\"></stop>
            <stop stop-color=\\"#C1BCC2\\" offset=\\"16.67%\\"></stop>
            <stop stop-color=\\"#A29DA3\\" offset=\\"33.33%\\"></stop>
            <stop stop-color=\\"#847E85\\" offset=\\"50%\\"></stop>
            <stop stop-color=\\"#656066\\" offset=\\"66.67%\\"></stop>
            <stop stop-color=\\"#474247\\" offset=\\"83.33%\\"></stop>
            <stop stop-color=\\"#282629\\" offset=\\"100%\\"></stop>
          </linearGradient>
        </defs>
        <rect fill=\\"#FFFCFF\\" x=\\"0\\" y=\\"0\\" width=\\"400\\" height=\\"400\\"></rect>
        <rect fill=\\"#F03E4D\\" x=\\"28\\" y=\\"28\\" width=\\"74\\" height=\\"74\\"></rect>
        <rect fill=\\"#F37735\\" x=\\"118\\" y=\\"28\\" width=\\"74\\" height=\\"74\\"></rect>
        <rect fill=\\"#EEBA21\\" x=\\"208\\" y=\\"28\\" width=\\"74\\" height=\\"74\\"></rect>
        <rect fill=\\"#97BD2D\\" x=\\"298\\" y=\\"28\\" width=\\"74\\" height=\\"74\\"></rect>
        <rect fill=\\"#1FC598\\" x=\\"28\\" y=\\"118\\" width=\\"74\\" height=\\"74\\"></rect>
        <rect fill=\\"#53A6E1\\" x=\\"118\\" y=\\"118\\" width=\\"74\\" height=\\"74\\"></rect>
        <rect fill=\\"#BF65F0\\" x=\\"208\\" y=\\"118\\" width=\\"74\\" height=\\"74\\"></rect>
        <rect fill=\\"#EE4EB8\\" x=\\"298\\" y=\\"118\\" width=\\"74\\" height=\\"74\\"></rect>
        <rect fill=\\"url(#shadeGradient)\\" x=\\"27\\" y=\\"208\\" width=\\"344\\" height=\\"164\\"></rect>
      </svg>
    "
`;

exports[`render function should properly render the README.md file when given only one set of colors 1`] = `"Your personal theme, generated by the [VS Code template](https://github.com/mjswensen/themer/tree/master/cli/packages/themer-vscode) for [themer](https://github.com/mjswensen/themer)."`;

exports[`render function should properly render theme files 1`] = `
"{
  \\"name\\": \\"Themer Dark\\",
  \\"type\\": \\"dark\\",
  \\"colors\\": {
    \\"focusBorder\\": \\"#CC78FA\\",
    \\"foreground\\": \\"#FFFCFF\\",
    \\"widget.shadow\\": \\"#282629\\",
    \\"selection.background\\": \\"#656066\\",
    \\"errorForeground\\": \\"#FF4050\\",
    \\"button.background\\": \\"#66BFFF\\",
    \\"button.foreground\\": \\"#282629\\",
    \\"button.hoverBackground\\": \\"#26C99E\\",
    \\"dropdown.background\\": \\"#474247\\",
    \\"dropdown.border\\": \\"#474247\\",
    \\"dropdown.foreground\\": \\"#E0DCE0\\",
    \\"input.background\\": \\"#474247\\",
    \\"input.border\\": \\"#474247\\",
    \\"input.foreground\\": \\"#E0DCE0\\",
    \\"input.placeholderForeground\\": \\"#656066\\",
    \\"inputOption.activeBorder\\": \\"#26C99E\\",
    \\"inputValidation.errorBackground\\": \\"#474247\\",
    \\"inputValidation.errorBorder\\": \\"#FF4050\\",
    \\"inputValidation.infoBackground\\": \\"#474247\\",
    \\"inputValidation.infoBorder\\": \\"#66BFFF\\",
    \\"inputValidation.warningBackground\\": \\"#474247\\",
    \\"inputValidation.warningBorder\\": \\"#F28144\\",
    \\"scrollbar.shadow\\": \\"#282629\\",
    \\"scrollbarSlider.activeBackground\\": \\"#C1BCC27f\\",
    \\"scrollbarSlider.background\\": \\"#847E857f\\",
    \\"scrollbarSlider.hoverBackground\\": \\"#A29DA37f\\",
    \\"badge.foreground\\": \\"#282629\\",
    \\"badge.background\\": \\"#CC78FA\\",
    \\"progressBar.background\\": \\"#A4CC35\\",
    \\"list.activeSelectionBackground\\": \\"#A4CC357f\\",
    \\"list.activeSelectionForeground\\": \\"#282629\\",
    \\"list.dropBackground\\": \\"#847E85\\",
    \\"list.focusBackground\\": \\"#847E85\\",
    \\"list.highlightForeground\\": \\"#FFD24A\\",
    \\"list.hoverBackground\\": \\"#474247\\",
    \\"list.inactiveSelectionBackground\\": \\"#474247\\",
    \\"list.inactiveSelectionForeground\\": \\"#FFFCFF\\",
    \\"list.hoverForeground\\": \\"#C1BCC2\\",
    \\"list.focusForeground\\": \\"#282629\\",
    \\"list.invalidItemForeground\\": \\"#FF4050\\",
    \\"list.errorForeground\\": \\"#FF4050\\",
    \\"list.warningForeground\\": \\"#FFD24A\\",
    \\"listFilterWidget.background\\": \\"#474247\\",
    \\"listFilterWidget.outline\\": \\"#66BFFF\\",
    \\"listFilterWidget.noMatchesOutline\\": \\"#FF4050\\",
    \\"tree.indentGuidesStroke\\": \\"#474247\\",
    \\"activityBar.background\\": \\"#282629\\",
    \\"activityBar.dropBackground\\": \\"#474247\\",
    \\"activityBar.foreground\\": \\"#C1BCC2\\",
    \\"activityBar.border\\": \\"#282629\\",
    \\"activityBarBadge.background\\": \\"#CC78FA\\",
    \\"activityBarBadge.foreground\\": \\"#282629\\",
    \\"sideBar.background\\": \\"#282629\\",
    \\"sideBar.foreground\\": \\"#E0DCE0\\",
    \\"sideBar.border\\": \\"#474247\\",
    \\"sideBarTitle.foreground\\": \\"#C1BCC2\\",
    \\"sideBarSectionHeader.background\\": \\"#656066\\",
    \\"sideBarSectionHeader.foreground\\": \\"#E0DCE0\\",
    \\"editorPane.background\\": \\"#282629\\",
    \\"editorGroup.emptyBackground\\": \\"#282629\\",
    \\"editorGroup.border\\": \\"#474247\\",
    \\"editorGroup.focusedEmptyBorder\\": \\"#474247\\",
    \\"editorGroup.dropBackground\\": \\"#6560667f\\",
    \\"editorGroupHeader.noTabsBackground\\": \\"#282629\\",
    \\"editorGroupHeader.tabsBackground\\": \\"#282629\\",
    \\"editorGroupHeader.tabsBorder\\": \\"#282629\\",
    \\"tab.activeBackground\\": \\"#282629\\",
    \\"tab.activeForeground\\": \\"#E0DCE0\\",
    \\"tab.border\\": \\"#282629\\",
    \\"tab.inactiveBackground\\": \\"#474247\\",
    \\"tab.inactiveForeground\\": \\"#847E85\\",
    \\"tab.unfocusedActiveForeground\\": \\"#847E85\\",
    \\"tab.unfocusedInactiveForeground\\": \\"#656066\\",
    \\"editor.background\\": \\"#282629\\",
    \\"editor.foreground\\": \\"#FFFCFF\\",
    \\"editorLineNumber.foreground\\": \\"#656066\\",
    \\"editorCursor.foreground\\": \\"#CC78FA\\",
    \\"editor.selectionBackground\\": \\"#66BFFF33\\",
    \\"editor.selectionHighlightBackground\\": \\"#474247\\",
    \\"editor.inactiveSelectionBackground\\": \\"#66BFFF33\\",
    \\"editor.wordHighlightBackground\\": \\"#CC78FA7f\\",
    \\"editor.wordHighlightStrongBackground\\": \\"#F553BF7f\\",
    \\"editor.findMatchBackground\\": \\"#FFD24A7f\\",
    \\"editor.findMatchHighlightBackground\\": \\"#FFD24A3f\\",
    \\"editor.findRangeHighlightBackground\\": \\"#474247\\",
    \\"editor.hoverHighlightBackground\\": \\"#656066\\",
    \\"editor.lineHighlightBackground\\": \\"#282629\\",
    \\"editor.lineHighlightBorder\\": \\"#474247\\",
    \\"editorLink.activeForeground\\": \\"#26C99E\\",
    \\"editor.rangeHighlightBackground\\": \\"#474247\\",
    \\"editorWhitespace.foreground\\": \\"#474247\\",
    \\"editorIndentGuide.background\\": \\"#474247\\",
    \\"editorIndentGuide.activeBackground\\": \\"#656066\\",
    \\"editorRuler.foreground\\": \\"#474247\\",
    \\"editorCodeLens.foreground\\": \\"#C1BCC2\\",
    \\"editorBracketMatch.background\\": \\"#474247\\",
    \\"editorBracketMatch.border\\": \\"#474247\\",
    \\"editorOverviewRuler.border\\": \\"#474247\\",
    \\"editorOverviewRuler.findMatchForeground\\": \\"#FFD24Abf\\",
    \\"editorOverviewRuler.rangeHighlightForeground\\": \\"#656066bf\\",
    \\"editorOverviewRuler.selectionHighlightForeground\\": \\"#474247bf\\",
    \\"editorOverviewRuler.wordHighlightForeground\\": \\"#656066bf\\",
    \\"editorOverviewRuler.wordHighlightStrongForeground\\": \\"#847E85bf\\",
    \\"editorOverviewRuler.modifiedForeground\\": \\"#FFD24A7f\\",
    \\"editorOverviewRuler.addedForeground\\": \\"#A4CC357f\\",
    \\"editorOverviewRuler.deletedForeground\\": \\"#FF40507f\\",
    \\"editorOverviewRuler.errorForeground\\": \\"#FF40507f\\",
    \\"editorOverviewRuler.warningForeground\\": \\"#F281447f\\",
    \\"editorOverviewRuler.infoForeground\\": \\"#66BFFF7f\\",
    \\"editorError.foreground\\": \\"#FF4050\\",
    \\"editorError.border\\": \\"#FFFCFF\\",
    \\"editorWarning.foreground\\": \\"#F28144\\",
    \\"editorWarning.border\\": \\"#E0DCE0\\",
    \\"editorGutter.background\\": \\"#282629\\",
    \\"editorGutter.modifiedBackground\\": \\"#FFD24A\\",
    \\"editorGutter.addedBackground\\": \\"#A4CC35\\",
    \\"editorGutter.deletedBackground\\": \\"#FF4050\\",
    \\"diffEditor.insertedTextBackground\\": \\"#A4CC3520\\",
    \\"diffEditor.removedTextBackground\\": \\"#FF405020\\",
    \\"editorWidget.background\\": \\"#474247\\",
    \\"editorWidget.border\\": \\"#474247\\",
    \\"editorSuggestWidget.background\\": \\"#474247\\",
    \\"editorSuggestWidget.border\\": \\"#474247\\",
    \\"editorSuggestWidget.foreground\\": \\"#E0DCE0\\",
    \\"editorSuggestWidget.highlightForeground\\": \\"#F553BF\\",
    \\"editorSuggestWidget.selectedBackground\\": \\"#656066\\",
    \\"editorHoverWidget.background\\": \\"#474247\\",
    \\"editorHoverWidget.border\\": \\"#474247\\",
    \\"debugExceptionWidget.background\\": \\"#474247\\",
    \\"debugExceptionWidget.border\\": \\"#474247\\",
    \\"editorMarkerNavigation.background\\": \\"#474247\\",
    \\"editorMarkerNavigationError.background\\": \\"#FF4050\\",
    \\"editorMarkerNavigationWarning.background\\": \\"#F28144\\",
    \\"peekView.border\\": \\"#F553BF\\",
    \\"peekViewEditor.background\\": \\"#474247\\",
    \\"peekViewEditorGutter.background\\": \\"#474247\\",
    \\"peekViewEditor.matchHighlightBackground\\": \\"#FFD24A7f\\",
    \\"peekViewResult.background\\": \\"#474247\\",
    \\"peekViewResult.fileForeground\\": \\"#E0DCE0\\",
    \\"peekViewResult.lineForeground\\": \\"#656066\\",
    \\"peekViewResult.matchHighlightBackground\\": \\"#FFD24A\\",
    \\"peekViewResult.selectionBackground\\": \\"#847E85\\",
    \\"peekViewResult.selectionForeground\\": \\"#FFFCFF\\",
    \\"peekViewTitle.background\\": \\"#656066\\",
    \\"peekViewTitleDescription.foreground\\": \\"#C1BCC2\\",
    \\"peekViewTitleLabel.foreground\\": \\"#FFFCFF\\",
    \\"merge.currentHeaderBackground\\": \\"#26C99E4c\\",
    \\"merge.currentContentBackground\\": \\"#26C99E4c\\",
    \\"merge.incomingHeaderBackground\\": \\"#66BFFF4c\\",
    \\"merge.incomingContentBackground\\": \\"#66BFFF4c\\",
    \\"merge.commonContentBackground\\": \\"#CC78FA4c\\",
    \\"merge.commonHeaderBackground\\": \\"#CC78FA4c\\",
    \\"merge.border\\": \\"#A29DA3\\",
    \\"editorOverviewRuler.currentContentForeground\\": \\"#26C99E\\",
    \\"editorOverviewRuler.incomingContentForeground\\": \\"#66BFFF\\",
    \\"editorOverviewRuler.commonContentForeground\\": \\"#CC78FA\\",
    \\"panel.background\\": \\"#282629\\",
    \\"panel.border\\": \\"#474247\\",
    \\"panelTitle.activeBorder\\": \\"#847E85\\",
    \\"panelTitle.activeForeground\\": \\"#E0DCE0\\",
    \\"panelTitle.inactiveForeground\\": \\"#A29DA3\\",
    \\"statusBar.background\\": \\"#66BFFF\\",
    \\"statusBar.foreground\\": \\"#282629\\",
    \\"statusBar.border\\": \\"#66BFFF7f\\",
    \\"statusBar.debuggingBackground\\": \\"#F28144\\",
    \\"statusBar.debuggingForeground\\": \\"#282629\\",
    \\"statusBar.debuggingBorder\\": \\"#F281447f\\",
    \\"statusBar.noFolderBackground\\": \\"#CC78FA\\",
    \\"statusBar.noFolderForeground\\": \\"#282629\\",
    \\"statusBar.noFolderBorder\\": \\"#CC78FA7f\\",
    \\"statusBarItem.activeBackground\\": \\"#26C99E\\",
    \\"statusBarItem.hoverBackground\\": \\"#A4CC35\\",
    \\"statusBarItem.prominentBackground\\": \\"#26C99E\\",
    \\"statusBarItem.prominentHoverBackground\\": \\"#A4CC35\\",
    \\"titleBar.activeBackground\\": \\"#282629\\",
    \\"titleBar.activeForeground\\": \\"#C1BCC2\\",
    \\"titleBar.inactiveBackground\\": \\"#282629\\",
    \\"titleBar.inactiveForeground\\": \\"#847E85\\",
    \\"notification.background\\": \\"#474247\\",
    \\"notification.foreground\\": \\"#FFFCFF\\",
    \\"notification.buttonBackground\\": \\"#66BFFF\\",
    \\"notification.buttonHoverBackground\\": \\"#26C99E\\",
    \\"notification.buttonForeground\\": \\"#282629\\",
    \\"notification.infoBackground\\": \\"#66BFFF\\",
    \\"notification.infoForeground\\": \\"#282629\\",
    \\"notification.warningBackground\\": \\"#F28144\\",
    \\"notification.warningForeground\\": \\"#282629\\",
    \\"notification.errorBackground\\": \\"#FF4050\\",
    \\"notification.errorForeground\\": \\"#282629\\",
    \\"extensionButton.prominentForeground\\": \\"#282629\\",
    \\"extensionButton.prominentBackground\\": \\"#66BFFF\\",
    \\"extensionButton.prominentHoverBackground\\": \\"#26C99E\\",
    \\"pickerGroup.border\\": \\"#C1BCC2\\",
    \\"pickerGroup.foreground\\": \\"#FFFCFF\\",
    \\"terminal.background\\": \\"#282629\\",
    \\"terminal.foreground\\": \\"#E0DCE0\\",
    \\"terminal.ansiBlack\\": \\"#282629\\",
    \\"terminal.ansiBlue\\": \\"#66BFFF\\",
    \\"terminal.ansiBrightBlack\\": \\"#474247\\",
    \\"terminal.ansiBrightBlue\\": \\"#66BFFF\\",
    \\"terminal.ansiBrightCyan\\": \\"#26C99E\\",
    \\"terminal.ansiBrightGreen\\": \\"#26C99E\\",
    \\"terminal.ansiBrightMagenta\\": \\"#F553BF\\",
    \\"terminal.ansiBrightRed\\": \\"#F28144\\",
    \\"terminal.ansiBrightWhite\\": \\"#FFFCFF\\",
    \\"terminal.ansiBrightYellow\\": \\"#FFD24A\\",
    \\"terminal.ansiCyan\\": \\"#26C99E\\",
    \\"terminal.ansiGreen\\": \\"#A4CC35\\",
    \\"terminal.ansiMagenta\\": \\"#F553BF\\",
    \\"terminal.ansiRed\\": \\"#FF4050\\",
    \\"terminal.ansiWhite\\": \\"#E0DCE0\\",
    \\"terminal.ansiYellow\\": \\"#FFD24A\\",
    \\"terminal.selectionBackground\\": \\"#66BFFF7f\\",
    \\"terminalCursor.background\\": \\"#474247\\",
    \\"terminalCursor.foreground\\": \\"#C1BCC2\\",
    \\"debugToolBar.background\\": \\"#474247\\",
    \\"welcomePage.buttonBackground\\": \\"#474247\\",
    \\"welcomePage.buttonHoverBackground\\": \\"#656066\\",
    \\"walkThrough.embeddedEditorBackground\\": \\"#282629\\",
    \\"gitDecoration.modifiedResourceForeground\\": \\"#FFD24A\\",
    \\"gitDecoration.deletedResourceForeground\\": \\"#FF4050\\",
    \\"gitDecoration.untrackedResourceForeground\\": \\"#CC78FA\\",
    \\"gitDecoration.ignoredResourceForeground\\": \\"#847E85\\",
    \\"gitDecoration.conflictingResourceForeground\\": \\"#26C99E\\"
  },
  \\"tokenColors\\": [
    {
      \\"settings\\": {
        \\"background\\": \\"#282629\\",
        \\"foreground\\": \\"#E0DCE0\\",
        \\"selectionBorder\\": \\"#C1BCC2\\",
        \\"findHighlight\\": \\"#FFD24A\\",
        \\"findHighlightForeground\\": \\"#282629\\",
        \\"activeGuide\\": \\"#F28144\\",
        \\"bracketsForeground\\": \\"#E0DCE07F\\",
        \\"bracketsOptions\\": \\"stippled_underline\\",
        \\"bracketsContentsForeground\\": \\"#E0DCE07F\\",
        \\"tagsOptions\\": \\"stippled_underline\\"
      }
    },
    {
      \\"name\\": \\"Comment\\",
      \\"scope\\": \\"comment\\",
      \\"settings\\": {
        \\"foreground\\": \\"#847E85\\"
      }
    },
    {
      \\"name\\": \\"Constant\\",
      \\"scope\\": \\"constant\\",
      \\"settings\\": {
        \\"foreground\\": \\"#F553BF\\"
      }
    },
    {
      \\"name\\": \\"Entity\\",
      \\"scope\\": \\"entity\\",
      \\"settings\\": {
        \\"foreground\\": \\"#26C99E\\"
      }
    },
    {
      \\"name\\": \\"Invalid\\",
      \\"scope\\": \\"invalid\\",
      \\"settings\\": {
        \\"foreground\\": \\"#FF4050\\"
      }
    },
    {
      \\"name\\": \\"Keyword\\",
      \\"scope\\": \\"keyword\\",
      \\"settings\\": {
        \\"foreground\\": \\"#CC78FA\\"
      }
    },
    {
      \\"name\\": \\"Storage\\",
      \\"scope\\": \\"storage\\",
      \\"settings\\": {
        \\"foreground\\": \\"#F553BF\\"
      }
    },
    {
      \\"name\\": \\"String\\",
      \\"scope\\": \\"string\\",
      \\"settings\\": {
        \\"foreground\\": \\"#A4CC35\\"
      }
    },
    {
      \\"name\\": \\"Support\\",
      \\"scope\\": \\"support\\",
      \\"settings\\": {
        \\"foreground\\": \\"#26C99E\\"
      }
    },
    {
      \\"name\\": \\"Variable\\",
      \\"scope\\": \\"variable\\",
      \\"settings\\": {
        \\"foreground\\": \\"#FFFCFF\\"
      }
    },
    {
      \\"name\\": \\"Markup Heading\\",
      \\"scope\\": \\"markup.heading\\",
      \\"settings\\": {
        \\"foreground\\": \\"#26C99E\\"
      }
    },
    {
      \\"name\\": \\"Markup Deleted\\",
      \\"scope\\": \\"markup.deleted\\",
      \\"settings\\": {
        \\"foreground\\": \\"#FF4050\\"
      }
    },
    {
      \\"name\\": \\"Markup Inserted\\",
      \\"scope\\": \\"markup.inserted\\",
      \\"settings\\": {
        \\"foreground\\": \\"#A4CC35\\"
      }
    },
    {
      \\"name\\": \\"Markup Changed\\",
      \\"scope\\": \\"markup.changed\\",
      \\"settings\\": {
        \\"foreground\\": \\"#FFD24A\\"
      }
    },
    {
      \\"name\\": \\"Markup Underline\\",
      \\"scope\\": \\"markup.underline\\",
      \\"settings\\": {
        \\"fontStyle\\": \\"underline\\"
      }
    },
    {
      \\"name\\": \\"Markup Underline Link\\",
      \\"scope\\": \\"markup.underline.link\\",
      \\"settings\\": {
        \\"foreground\\": \\"#66BFFF\\"
      }
    },
    {
      \\"name\\": \\"Markup List\\",
      \\"scope\\": \\"markup.list\\",
      \\"settings\\": {
        \\"foreground\\": \\"#FFFCFF\\"
      }
    },
    {
      \\"name\\": \\"Markup Raw\\",
      \\"scope\\": \\"markup.raw\\",
      \\"settings\\": {
        \\"foreground\\": \\"#F553BF\\"
      }
    }
  ]
}"
`;

exports[`render function should properly render theme files 2`] = `
"{
  \\"name\\": \\"Themer Light\\",
  \\"type\\": \\"light\\",
  \\"colors\\": {
    \\"focusBorder\\": \\"#BF65F0\\",
    \\"foreground\\": \\"#282629\\",
    \\"widget.shadow\\": \\"#28262966\\",
    \\"selection.background\\": \\"#C1BCC2\\",
    \\"errorForeground\\": \\"#F03E4D\\",
    \\"button.background\\": \\"#53A6E1\\",
    \\"button.foreground\\": \\"#FFFCFF\\",
    \\"button.hoverBackground\\": \\"#1FC598\\",
    \\"dropdown.background\\": \\"#E0DCE0\\",
    \\"dropdown.border\\": \\"#E0DCE0\\",
    \\"dropdown.foreground\\": \\"#474247\\",
    \\"input.background\\": \\"#E0DCE0\\",
    \\"input.border\\": \\"#E0DCE0\\",
    \\"input.foreground\\": \\"#474247\\",
    \\"input.placeholderForeground\\": \\"#C1BCC2\\",
    \\"inputOption.activeBorder\\": \\"#1FC598\\",
    \\"inputValidation.errorBackground\\": \\"#E0DCE0\\",
    \\"inputValidation.errorBorder\\": \\"#F03E4D\\",
    \\"inputValidation.infoBackground\\": \\"#E0DCE0\\",
    \\"inputValidation.infoBorder\\": \\"#53A6E1\\",
    \\"inputValidation.warningBackground\\": \\"#E0DCE0\\",
    \\"inputValidation.warningBorder\\": \\"#F37735\\",
    \\"scrollbar.shadow\\": \\"#28262966\\",
    \\"scrollbarSlider.activeBackground\\": \\"#6560667f\\",
    \\"scrollbarSlider.background\\": \\"#A29DA37f\\",
    \\"scrollbarSlider.hoverBackground\\": \\"#847E857f\\",
    \\"badge.foreground\\": \\"#FFFCFF\\",
    \\"badge.background\\": \\"#BF65F0\\",
    \\"progressBar.background\\": \\"#97BD2D\\",
    \\"list.activeSelectionBackground\\": \\"#97BD2D7f\\",
    \\"list.activeSelectionForeground\\": \\"#FFFCFF\\",
    \\"list.dropBackground\\": \\"#A29DA3\\",
    \\"list.focusBackground\\": \\"#A29DA3\\",
    \\"list.highlightForeground\\": \\"#EEBA21\\",
    \\"list.hoverBackground\\": \\"#E0DCE0\\",
    \\"list.inactiveSelectionBackground\\": \\"#E0DCE0\\",
    \\"list.inactiveSelectionForeground\\": \\"#282629\\",
    \\"list.hoverForeground\\": \\"#656066\\",
    \\"list.focusForeground\\": \\"#FFFCFF\\",
    \\"list.invalidItemForeground\\": \\"#F03E4D\\",
    \\"list.errorForeground\\": \\"#F03E4D\\",
    \\"list.warningForeground\\": \\"#EEBA21\\",
    \\"listFilterWidget.background\\": \\"#E0DCE0\\",
    \\"listFilterWidget.outline\\": \\"#53A6E1\\",
    \\"listFilterWidget.noMatchesOutline\\": \\"#F03E4D\\",
    \\"tree.indentGuidesStroke\\": \\"#E0DCE0\\",
    \\"activityBar.background\\": \\"#FFFCFF\\",
    \\"activityBar.dropBackground\\": \\"#E0DCE0\\",
    \\"activityBar.foreground\\": \\"#656066\\",
    \\"activityBar.border\\": \\"#FFFCFF\\",
    \\"activityBarBadge.background\\": \\"#BF65F0\\",
    \\"activityBarBadge.foreground\\": \\"#FFFCFF\\",
    \\"sideBar.background\\": \\"#FFFCFF\\",
    \\"sideBar.foreground\\": \\"#474247\\",
    \\"sideBar.border\\": \\"#E0DCE0\\",
    \\"sideBarTitle.foreground\\": \\"#656066\\",
    \\"sideBarSectionHeader.background\\": \\"#C1BCC2\\",
    \\"sideBarSectionHeader.foreground\\": \\"#474247\\",
    \\"editorPane.background\\": \\"#FFFCFF\\",
    \\"editorGroup.emptyBackground\\": \\"#FFFCFF\\",
    \\"editorGroup.border\\": \\"#E0DCE0\\",
    \\"editorGroup.focusedEmptyBorder\\": \\"#E0DCE0\\",
    \\"editorGroup.dropBackground\\": \\"#C1BCC27f\\",
    \\"editorGroupHeader.noTabsBackground\\": \\"#FFFCFF\\",
    \\"editorGroupHeader.tabsBackground\\": \\"#FFFCFF\\",
    \\"editorGroupHeader.tabsBorder\\": \\"#FFFCFF\\",
    \\"tab.activeBackground\\": \\"#FFFCFF\\",
    \\"tab.activeForeground\\": \\"#474247\\",
    \\"tab.border\\": \\"#FFFCFF\\",
    \\"tab.inactiveBackground\\": \\"#E0DCE0\\",
    \\"tab.inactiveForeground\\": \\"#A29DA3\\",
    \\"tab.unfocusedActiveForeground\\": \\"#A29DA3\\",
    \\"tab.unfocusedInactiveForeground\\": \\"#C1BCC2\\",
    \\"editor.background\\": \\"#FFFCFF\\",
    \\"editor.foreground\\": \\"#282629\\",
    \\"editorLineNumber.foreground\\": \\"#C1BCC2\\",
    \\"editorCursor.foreground\\": \\"#BF65F0\\",
    \\"editor.selectionBackground\\": \\"#53A6E133\\",
    \\"editor.selectionHighlightBackground\\": \\"#E0DCE0\\",
    \\"editor.inactiveSelectionBackground\\": \\"#53A6E133\\",
    \\"editor.wordHighlightBackground\\": \\"#BF65F07f\\",
    \\"editor.wordHighlightStrongBackground\\": \\"#EE4EB87f\\",
    \\"editor.findMatchBackground\\": \\"#EEBA217f\\",
    \\"editor.findMatchHighlightBackground\\": \\"#EEBA213f\\",
    \\"editor.findRangeHighlightBackground\\": \\"#E0DCE0\\",
    \\"editor.hoverHighlightBackground\\": \\"#C1BCC2\\",
    \\"editor.lineHighlightBackground\\": \\"#FFFCFF\\",
    \\"editor.lineHighlightBorder\\": \\"#E0DCE0\\",
    \\"editorLink.activeForeground\\": \\"#1FC598\\",
    \\"editor.rangeHighlightBackground\\": \\"#E0DCE0\\",
    \\"editorWhitespace.foreground\\": \\"#E0DCE0\\",
    \\"editorIndentGuide.background\\": \\"#E0DCE0\\",
    \\"editorIndentGuide.activeBackground\\": \\"#C1BCC2\\",
    \\"editorRuler.foreground\\": \\"#E0DCE0\\",
    \\"editorCodeLens.foreground\\": \\"#656066\\",
    \\"editorBracketMatch.background\\": \\"#E0DCE0\\",
    \\"editorBracketMatch.border\\": \\"#E0DCE0\\",
    \\"editorOverviewRuler.border\\": \\"#E0DCE0\\",
    \\"editorOverviewRuler.findMatchForeground\\": \\"#EEBA21bf\\",
    \\"editorOverviewRuler.rangeHighlightForeground\\": \\"#C1BCC2bf\\",
    \\"editorOverviewRuler.selectionHighlightForeground\\": \\"#E0DCE0bf\\",
    \\"editorOverviewRuler.wordHighlightForeground\\": \\"#C1BCC2bf\\",
    \\"editorOverviewRuler.wordHighlightStrongForeground\\": \\"#A29DA3bf\\",
    \\"editorOverviewRuler.modifiedForeground\\": \\"#EEBA217f\\",
    \\"editorOverviewRuler.addedForeground\\": \\"#97BD2D7f\\",
    \\"editorOverviewRuler.deletedForeground\\": \\"#F03E4D7f\\",
    \\"editorOverviewRuler.errorForeground\\": \\"#F03E4D7f\\",
    \\"editorOverviewRuler.warningForeground\\": \\"#F377357f\\",
    \\"editorOverviewRuler.infoForeground\\": \\"#53A6E17f\\",
    \\"editorError.foreground\\": \\"#F03E4D\\",
    \\"editorError.border\\": \\"#282629\\",
    \\"editorWarning.foreground\\": \\"#F37735\\",
    \\"editorWarning.border\\": \\"#474247\\",
    \\"editorGutter.background\\": \\"#FFFCFF\\",
    \\"editorGutter.modifiedBackground\\": \\"#EEBA21\\",
    \\"editorGutter.addedBackground\\": \\"#97BD2D\\",
    \\"editorGutter.deletedBackground\\": \\"#F03E4D\\",
    \\"diffEditor.insertedTextBackground\\": \\"#97BD2D20\\",
    \\"diffEditor.removedTextBackground\\": \\"#F03E4D20\\",
    \\"editorWidget.background\\": \\"#E0DCE0\\",
    \\"editorWidget.border\\": \\"#E0DCE0\\",
    \\"editorSuggestWidget.background\\": \\"#E0DCE0\\",
    \\"editorSuggestWidget.border\\": \\"#E0DCE0\\",
    \\"editorSuggestWidget.foreground\\": \\"#474247\\",
    \\"editorSuggestWidget.highlightForeground\\": \\"#EE4EB8\\",
    \\"editorSuggestWidget.selectedBackground\\": \\"#C1BCC2\\",
    \\"editorHoverWidget.background\\": \\"#E0DCE0\\",
    \\"editorHoverWidget.border\\": \\"#E0DCE0\\",
    \\"debugExceptionWidget.background\\": \\"#E0DCE0\\",
    \\"debugExceptionWidget.border\\": \\"#E0DCE0\\",
    \\"editorMarkerNavigation.background\\": \\"#E0DCE0\\",
    \\"editorMarkerNavigationError.background\\": \\"#F03E4D\\",
    \\"editorMarkerNavigationWarning.background\\": \\"#F37735\\",
    \\"peekView.border\\": \\"#EE4EB8\\",
    \\"peekViewEditor.background\\": \\"#E0DCE0\\",
    \\"peekViewEditorGutter.background\\": \\"#E0DCE0\\",
    \\"peekViewEditor.matchHighlightBackground\\": \\"#EEBA217f\\",
    \\"peekViewResult.background\\": \\"#E0DCE0\\",
    \\"peekViewResult.fileForeground\\": \\"#474247\\",
    \\"peekViewResult.lineForeground\\": \\"#C1BCC2\\",
    \\"peekViewResult.matchHighlightBackground\\": \\"#EEBA21\\",
    \\"peekViewResult.selectionBackground\\": \\"#A29DA3\\",
    \\"peekViewResult.selectionForeground\\": \\"#282629\\",
    \\"peekViewTitle.background\\": \\"#C1BCC2\\",
    \\"peekViewTitleDescription.foreground\\": \\"#656066\\",
    \\"peekViewTitleLabel.foreground\\": \\"#282629\\",
    \\"merge.currentHeaderBackground\\": \\"#1FC5984c\\",
    \\"merge.currentContentBackground\\": \\"#1FC5984c\\",
    \\"merge.incomingHeaderBackground\\": \\"#53A6E14c\\",
    \\"merge.incomingContentBackground\\": \\"#53A6E14c\\",
    \\"merge.commonContentBackground\\": \\"#BF65F04c\\",
    \\"merge.commonHeaderBackground\\": \\"#BF65F04c\\",
    \\"merge.border\\": \\"#847E85\\",
    \\"editorOverviewRuler.currentContentForeground\\": \\"#1FC598\\",
    \\"editorOverviewRuler.incomingContentForeground\\": \\"#53A6E1\\",
    \\"editorOverviewRuler.commonContentForeground\\": \\"#BF65F0\\",
    \\"panel.background\\": \\"#FFFCFF\\",
    \\"panel.border\\": \\"#E0DCE0\\",
    \\"panelTitle.activeBorder\\": \\"#A29DA3\\",
    \\"panelTitle.activeForeground\\": \\"#474247\\",
    \\"panelTitle.inactiveForeground\\": \\"#847E85\\",
    \\"statusBar.background\\": \\"#53A6E1\\",
    \\"statusBar.foreground\\": \\"#FFFCFF\\",
    \\"statusBar.border\\": \\"#53A6E17f\\",
    \\"statusBar.debuggingBackground\\": \\"#F37735\\",
    \\"statusBar.debuggingForeground\\": \\"#FFFCFF\\",
    \\"statusBar.debuggingBorder\\": \\"#F377357f\\",
    \\"statusBar.noFolderBackground\\": \\"#BF65F0\\",
    \\"statusBar.noFolderForeground\\": \\"#FFFCFF\\",
    \\"statusBar.noFolderBorder\\": \\"#BF65F07f\\",
    \\"statusBarItem.activeBackground\\": \\"#1FC598\\",
    \\"statusBarItem.hoverBackground\\": \\"#97BD2D\\",
    \\"statusBarItem.prominentBackground\\": \\"#1FC598\\",
    \\"statusBarItem.prominentHoverBackground\\": \\"#97BD2D\\",
    \\"titleBar.activeBackground\\": \\"#FFFCFF\\",
    \\"titleBar.activeForeground\\": \\"#656066\\",
    \\"titleBar.inactiveBackground\\": \\"#FFFCFF\\",
    \\"titleBar.inactiveForeground\\": \\"#A29DA3\\",
    \\"notification.background\\": \\"#E0DCE0\\",
    \\"notification.foreground\\": \\"#282629\\",
    \\"notification.buttonBackground\\": \\"#53A6E1\\",
    \\"notification.buttonHoverBackground\\": \\"#1FC598\\",
    \\"notification.buttonForeground\\": \\"#FFFCFF\\",
    \\"notification.infoBackground\\": \\"#53A6E1\\",
    \\"notification.infoForeground\\": \\"#FFFCFF\\",
    \\"notification.warningBackground\\": \\"#F37735\\",
    \\"notification.warningForeground\\": \\"#FFFCFF\\",
    \\"notification.errorBackground\\": \\"#F03E4D\\",
    \\"notification.errorForeground\\": \\"#FFFCFF\\",
    \\"extensionButton.prominentForeground\\": \\"#FFFCFF\\",
    \\"extensionButton.prominentBackground\\": \\"#53A6E1\\",
    \\"extensionButton.prominentHoverBackground\\": \\"#1FC598\\",
    \\"pickerGroup.border\\": \\"#656066\\",
    \\"pickerGroup.foreground\\": \\"#282629\\",
    \\"terminal.background\\": \\"#FFFCFF\\",
    \\"terminal.foreground\\": \\"#474247\\",
    \\"terminal.ansiBlack\\": \\"#FFFCFF\\",
    \\"terminal.ansiBlue\\": \\"#53A6E1\\",
    \\"terminal.ansiBrightBlack\\": \\"#E0DCE0\\",
    \\"terminal.ansiBrightBlue\\": \\"#53A6E1\\",
    \\"terminal.ansiBrightCyan\\": \\"#1FC598\\",
    \\"terminal.ansiBrightGreen\\": \\"#1FC598\\",
    \\"terminal.ansiBrightMagenta\\": \\"#EE4EB8\\",
    \\"terminal.ansiBrightRed\\": \\"#F37735\\",
    \\"terminal.ansiBrightWhite\\": \\"#282629\\",
    \\"terminal.ansiBrightYellow\\": \\"#EEBA21\\",
    \\"terminal.ansiCyan\\": \\"#1FC598\\",
    \\"terminal.ansiGreen\\": \\"#97BD2D\\",
    \\"terminal.ansiMagenta\\": \\"#EE4EB8\\",
    \\"terminal.ansiRed\\": \\"#F03E4D\\",
    \\"terminal.ansiWhite\\": \\"#474247\\",
    \\"terminal.ansiYellow\\": \\"#EEBA21\\",
    \\"terminal.selectionBackground\\": \\"#53A6E17f\\",
    \\"terminalCursor.background\\": \\"#E0DCE0\\",
    \\"terminalCursor.foreground\\": \\"#656066\\",
    \\"debugToolBar.background\\": \\"#E0DCE0\\",
    \\"welcomePage.buttonBackground\\": \\"#E0DCE0\\",
    \\"welcomePage.buttonHoverBackground\\": \\"#C1BCC2\\",
    \\"walkThrough.embeddedEditorBackground\\": \\"#FFFCFF\\",
    \\"gitDecoration.modifiedResourceForeground\\": \\"#EEBA21\\",
    \\"gitDecoration.deletedResourceForeground\\": \\"#F03E4D\\",
    \\"gitDecoration.untrackedResourceForeground\\": \\"#BF65F0\\",
    \\"gitDecoration.ignoredResourceForeground\\": \\"#A29DA3\\",
    \\"gitDecoration.conflictingResourceForeground\\": \\"#1FC598\\"
  },
  \\"tokenColors\\": [
    {
      \\"settings\\": {
        \\"background\\": \\"#FFFCFF\\",
        \\"foreground\\": \\"#474247\\",
        \\"selectionBorder\\": \\"#656066\\",
        \\"findHighlight\\": \\"#EEBA21\\",
        \\"findHighlightForeground\\": \\"#FFFCFF\\",
        \\"activeGuide\\": \\"#F37735\\",
        \\"bracketsForeground\\": \\"#4742477F\\",
        \\"bracketsOptions\\": \\"stippled_underline\\",
        \\"bracketsContentsForeground\\": \\"#4742477F\\",
        \\"tagsOptions\\": \\"stippled_underline\\"
      }
    },
    {
      \\"name\\": \\"Comment\\",
      \\"scope\\": \\"comment\\",
      \\"settings\\": {
        \\"foreground\\": \\"#A29DA3\\"
      }
    },
    {
      \\"name\\": \\"Constant\\",
      \\"scope\\": \\"constant\\",
      \\"settings\\": {
        \\"foreground\\": \\"#EE4EB8\\"
      }
    },
    {
      \\"name\\": \\"Entity\\",
      \\"scope\\": \\"entity\\",
      \\"settings\\": {
        \\"foreground\\": \\"#1FC598\\"
      }
    },
    {
      \\"name\\": \\"Invalid\\",
      \\"scope\\": \\"invalid\\",
      \\"settings\\": {
        \\"foreground\\": \\"#F03E4D\\"
      }
    },
    {
      \\"name\\": \\"Keyword\\",
      \\"scope\\": \\"keyword\\",
      \\"settings\\": {
        \\"foreground\\": \\"#BF65F0\\"
      }
    },
    {
      \\"name\\": \\"Storage\\",
      \\"scope\\": \\"storage\\",
      \\"settings\\": {
        \\"foreground\\": \\"#EE4EB8\\"
      }
    },
    {
      \\"name\\": \\"String\\",
      \\"scope\\": \\"string\\",
      \\"settings\\": {
        \\"foreground\\": \\"#97BD2D\\"
      }
    },
    {
      \\"name\\": \\"Support\\",
      \\"scope\\": \\"support\\",
      \\"settings\\": {
        \\"foreground\\": \\"#1FC598\\"
      }
    },
    {
      \\"name\\": \\"Variable\\",
      \\"scope\\": \\"variable\\",
      \\"settings\\": {
        \\"foreground\\": \\"#282629\\"
      }
    },
    {
      \\"name\\": \\"Markup Heading\\",
      \\"scope\\": \\"markup.heading\\",
      \\"settings\\": {
        \\"foreground\\": \\"#1FC598\\"
      }
    },
    {
      \\"name\\": \\"Markup Deleted\\",
      \\"scope\\": \\"markup.deleted\\",
      \\"settings\\": {
        \\"foreground\\": \\"#F03E4D\\"
      }
    },
    {
      \\"name\\": \\"Markup Inserted\\",
      \\"scope\\": \\"markup.inserted\\",
      \\"settings\\": {
        \\"foreground\\": \\"#97BD2D\\"
      }
    },
    {
      \\"name\\": \\"Markup Changed\\",
      \\"scope\\": \\"markup.changed\\",
      \\"settings\\": {
        \\"foreground\\": \\"#EEBA21\\"
      }
    },
    {
      \\"name\\": \\"Markup Underline\\",
      \\"scope\\": \\"markup.underline\\",
      \\"settings\\": {
        \\"fontStyle\\": \\"underline\\"
      }
    },
    {
      \\"name\\": \\"Markup Underline Link\\",
      \\"scope\\": \\"markup.underline.link\\",
      \\"settings\\": {
        \\"foreground\\": \\"#53A6E1\\"
      }
    },
    {
      \\"name\\": \\"Markup List\\",
      \\"scope\\": \\"markup.list\\",
      \\"settings\\": {
        \\"foreground\\": \\"#282629\\"
      }
    },
    {
      \\"name\\": \\"Markup Raw\\",
      \\"scope\\": \\"markup.raw\\",
      \\"settings\\": {
        \\"foreground\\": \\"#EE4EB8\\"
      }
    }
  ]
}"
`;

exports[`renderInstructions function should provide installation instructions 1`] = `
"
Copy (or symlink) the generated package directory into the VS Code extensions directory:

    cp -R 'theme-themer-vscode' ~/.vscode/extensions/

Then reload or restart VS Code. The generated theme package should be in the list of installed extensions, and \\"Themer Dark\\" / \\"Themer Light\\" will be available in the list of themes.
  "
`;
