// Jest Snapshot v1, https://goo.gl/fbAQLP

exports[`themer emacs theme generator should provide installation instructions 1`] = `
"
Copy (or symlink) the generated theme files into \`~/.emacs.d/\`, then load the theme in \`init.el\`:

    (load-theme 'themer-dark t)
    ;; or
    (load-theme 'themer-light t)
"
`;
