// Jest Snapshot v1, https://goo.gl/fbAQLP

exports[`themer trianglify wallpaper should allow for specifying variances 1`] = `"<svg width=\\"100\\" height=\\"100\\" xmlns=\\"http://www.w3.org/2000/svg\\"><path d=\\"M50,50L-25,-25L-25,50Z\\" fill=\\"#89c6b1\\" stroke=\\"#89c6b1\\" stroke-width=\\"1.51\\"></path><path d=\\"M50,50L50,-25L-25,-25Z\\" fill=\\"#b9dada\\" stroke=\\"#b9dada\\" stroke-width=\\"1.51\\"></path><path d=\\"M-25,-25L-100,-25L-25,50Z\\" fill=\\"#a6e4ce\\" stroke=\\"#a6e4ce\\" stroke-width=\\"1.51\\"></path><path d=\\"M-100,-25L-100,50L-25,50Z\\" fill=\\"#89c6b1\\" stroke=\\"#89c6b1\\" stroke-width=\\"1.51\\"></path><path d=\\"M50,-25L-25,-100L-25,-25Z\\" fill=\\"#a6e4ce\\" stroke=\\"#a6e4ce\\" stroke-width=\\"1.51\\"></path><path d=\\"M-25,-25L-25,-100L-100,-25Z\\" fill=\\"#a6e4ce\\" stroke=\\"#a6e4ce\\" stroke-width=\\"1.51\\"></path><path d=\\"M-100,50L-25,125L-25,50Z\\" fill=\\"#528e7a\\" stroke=\\"#528e7a\\" stroke-width=\\"1.51\\"></path><path d=\\"M-25,50L-25,125L50,50Z\\" fill=\\"#528e7a\\" stroke=\\"#528e7a\\" stroke-width=\\"1.51\\"></path><path d=\\"M50,-25L50,-100L-25,-100Z\\" fill=\\"#b9dada\\" stroke=\\"#b9dada\\" stroke-width=\\"1.51\\"></path><path d=\\"M-25,125L50,125L50,50Z\\" fill=\\"#4c6b6b\\" stroke=\\"#4c6b6b\\" stroke-width=\\"1.51\\"></path><path d=\\"M125,50L125,-25L50,50Z\\" fill=\\"#cb9fe0\\" stroke=\\"#cb9fe0\\" stroke-width=\\"1.51\\"></path><path d=\\"M50,50L125,-25L50,-25Z\\" fill=\\"#dac6f1\\" stroke=\\"#dac6f1\\" stroke-width=\\"1.51\\"></path><path d=\\"M50,-25L125,-25L50,-100Z\\" fill=\\"#dac6f1\\" stroke=\\"#dac6f1\\" stroke-width=\\"1.51\\"></path><path d=\\"M50,125L125,50L50,50Z\\" fill=\\"#84739b\\" stroke=\\"#84739b\\" stroke-width=\\"1.51\\"></path><path d=\\"M-25,-100L-100,-100L-100,-25Z\\" fill=\\"#a6e4ce\\" stroke=\\"#a6e4ce\\" stroke-width=\\"1.51\\"></path><path d=\\"M-100,50L-100,125L-25,125Z\\" fill=\\"#377360\\" stroke=\\"#377360\\" stroke-width=\\"1.51\\"></path><path d=\\"M125,-25L125,-100L50,-100Z\\" fill=\\"#e9bbfd\\" stroke=\\"#e9bbfd\\" stroke-width=\\"1.51\\"></path><path d=\\"M50,125L125,125L125,50Z\\" fill=\\"#764e8a\\" stroke=\\"#764e8a\\" stroke-width=\\"1.51\\"></path><path d=\\"M50,125L50,200L125,125Z\\" fill=\\"#6a5980\\" stroke=\\"#6a5980\\" stroke-width=\\"1.51\\"></path><path d=\\"M-25,125L-25,200L50,125Z\\" fill=\\"#377360\\" stroke=\\"#377360\\" stroke-width=\\"1.51\\"></path><path d=\\"M-100,125L-25,200L-25,125Z\\" fill=\\"#377360\\" stroke=\\"#377360\\" stroke-width=\\"1.51\\"></path><path d=\\"M-25,200L50,200L50,125Z\\" fill=\\"#4c6b6b\\" stroke=\\"#4c6b6b\\" stroke-width=\\"1.51\\"></path><path d=\\"M125,-25L200,-25L125,-100Z\\" fill=\\"#e9bbfd\\" stroke=\\"#e9bbfd\\" stroke-width=\\"1.51\\"></path><path d=\\"M125,50L200,-25L125,-25Z\\" fill=\\"#e9bbfd\\" stroke=\\"#e9bbfd\\" stroke-width=\\"1.51\\"></path><path d=\\"M200,50L200,-25L125,50Z\\" fill=\\"#cb9fe0\\" stroke=\\"#cb9fe0\\" stroke-width=\\"1.51\\"></path><path d=\\"M125,125L200,50L125,50Z\\" fill=\\"#9168a6\\" stroke=\\"#9168a6\\" stroke-width=\\"1.51\\"></path><path d=\\"M-100,125L-100,200L-25,200Z\\" fill=\\"#377360\\" stroke=\\"#377360\\" stroke-width=\\"1.51\\"></path><path d=\\"M125,125L200,125L200,50Z\\" fill=\\"#764e8a\\" stroke=\\"#764e8a\\" stroke-width=\\"1.51\\"></path><path d=\\"M50,200L125,200L125,125Z\\" fill=\\"#764e8a\\" stroke=\\"#764e8a\\" stroke-width=\\"1.51\\"></path><path d=\\"M200,-25L200,-100L125,-100Z\\" fill=\\"#e9bbfd\\" stroke=\\"#e9bbfd\\" stroke-width=\\"1.51\\"></path><path d=\\"M125,200L200,125L125,125Z\\" fill=\\"#764e8a\\" stroke=\\"#764e8a\\" stroke-width=\\"1.51\\"></path><path d=\\"M125,200L200,200L200,125Z\\" fill=\\"#764e8a\\" stroke=\\"#764e8a\\" stroke-width=\\"1.51\\"></path></svg>"`;

exports[`themer trianglify wallpaper should allow for specifying variances 2`] = `"<svg width=\\"100\\" height=\\"100\\" xmlns=\\"http://www.w3.org/2000/svg\\"><path d=\\"M50,50L-25,-25L-25,50Z\\" fill=\\"#e6c98c\\" stroke=\\"#e6c98c\\" stroke-width=\\"1.51\\"></path><path d=\\"M50,50L50,-25L-25,-25Z\\" fill=\\"#ffd9b6\\" stroke=\\"#ffd9b6\\" stroke-width=\\"1.51\\"></path><path d=\\"M-25,-25L-100,-25L-25,50Z\\" fill=\\"#ffe6a8\\" stroke=\\"#ffe6a8\\" stroke-width=\\"1.51\\"></path><path d=\\"M-100,-25L-100,50L-25,50Z\\" fill=\\"#e6c98c\\" stroke=\\"#e6c98c\\" stroke-width=\\"1.51\\"></path><path d=\\"M50,-25L-25,-100L-25,-25Z\\" fill=\\"#ffe6a8\\" stroke=\\"#ffe6a8\\" stroke-width=\\"1.51\\"></path><path d=\\"M-25,-25L-25,-100L-100,-25Z\\" fill=\\"#ffe6a8\\" stroke=\\"#ffe6a8\\" stroke-width=\\"1.51\\"></path><path d=\\"M-100,50L-25,125L-25,50Z\\" fill=\\"#aa9157\\" stroke=\\"#aa9157\\" stroke-width=\\"1.51\\"></path><path d=\\"M-25,50L-25,125L50,50Z\\" fill=\\"#aa9157\\" stroke=\\"#aa9157\\" stroke-width=\\"1.51\\"></path><path d=\\"M50,-25L50,-100L-25,-100Z\\" fill=\\"#ffd9b6\\" stroke=\\"#ffd9b6\\" stroke-width=\\"1.51\\"></path><path d=\\"M-25,125L50,125L50,50Z\\" fill=\\"#8d694c\\" stroke=\\"#8d694c\\" stroke-width=\\"1.51\\"></path><path d=\\"M125,50L125,-25L50,50Z\\" fill=\\"#e192c2\\" stroke=\\"#e192c2\\" stroke-width=\\"1.51\\"></path><path d=\\"M50,50L125,-25L50,-25Z\\" fill=\\"#ffbdd2\\" stroke=\\"#ffbdd2\\" stroke-width=\\"1.51\\"></path><path d=\\"M50,-25L125,-25L50,-100Z\\" fill=\\"#ffbdd2\\" stroke=\\"#ffbdd2\\" stroke-width=\\"1.51\\"></path><path d=\\"M50,125L125,50L50,50Z\\" fill=\\"#a8697e\\" stroke=\\"#a8697e\\" stroke-width=\\"1.51\\"></path><path d=\\"M-25,-100L-100,-100L-100,-25Z\\" fill=\\"#ffe6a8\\" stroke=\\"#ffe6a8\\" stroke-width=\\"1.51\\"></path><path d=\\"M-100,50L-100,125L-25,125Z\\" fill=\\"#8e763e\\" stroke=\\"#8e763e\\" stroke-width=\\"1.51\\"></path><path d=\\"M125,-25L125,-100L50,-100Z\\" fill=\\"#ffaedf\\" stroke=\\"#ffaedf\\" stroke-width=\\"1.51\\"></path><path d=\\"M50,125L125,125L125,50Z\\" fill=\\"#89416f\\" stroke=\\"#89416f\\" stroke-width=\\"1.51\\"></path><path d=\\"M50,125L50,200L125,125Z\\" fill=\\"#8c4f64\\" stroke=\\"#8c4f64\\" stroke-width=\\"1.51\\"></path><path d=\\"M-25,125L-25,200L50,125Z\\" fill=\\"#8e763e\\" stroke=\\"#8e763e\\" stroke-width=\\"1.51\\"></path><path d=\\"M-100,125L-25,200L-25,125Z\\" fill=\\"#8e763e\\" stroke=\\"#8e763e\\" stroke-width=\\"1.51\\"></path><path d=\\"M-25,200L50,200L50,125Z\\" fill=\\"#8d694c\\" stroke=\\"#8d694c\\" stroke-width=\\"1.51\\"></path><path d=\\"M125,-25L200,-25L125,-100Z\\" fill=\\"#ffaedf\\" stroke=\\"#ffaedf\\" stroke-width=\\"1.51\\"></path><path d=\\"M125,50L200,-25L125,-25Z\\" fill=\\"#ffaedf\\" stroke=\\"#ffaedf\\" stroke-width=\\"1.51\\"></path><path d=\\"M200,50L200,-25L125,50Z\\" fill=\\"#e192c2\\" stroke=\\"#e192c2\\" stroke-width=\\"1.51\\"></path><path d=\\"M125,125L200,50L125,50Z\\" fill=\\"#a55b8a\\" stroke=\\"#a55b8a\\" stroke-width=\\"1.51\\"></path><path d=\\"M-100,125L-100,200L-25,200Z\\" fill=\\"#8e763e\\" stroke=\\"#8e763e\\" stroke-width=\\"1.51\\"></path><path d=\\"M125,125L200,125L200,50Z\\" fill=\\"#89416f\\" stroke=\\"#89416f\\" stroke-width=\\"1.51\\"></path><path d=\\"M50,200L125,200L125,125Z\\" fill=\\"#89416f\\" stroke=\\"#89416f\\" stroke-width=\\"1.51\\"></path><path d=\\"M200,-25L200,-100L125,-100Z\\" fill=\\"#ffaedf\\" stroke=\\"#ffaedf\\" stroke-width=\\"1.51\\"></path><path d=\\"M125,200L200,125L125,125Z\\" fill=\\"#89416f\\" stroke=\\"#89416f\\" stroke-width=\\"1.51\\"></path><path d=\\"M125,200L200,200L200,125Z\\" fill=\\"#89416f\\" stroke=\\"#89416f\\" stroke-width=\\"1.51\\"></path></svg>"`;

exports[`themer trianglify wallpaper should allow for specifying variances 3`] = `"<svg width=\\"100\\" height=\\"100\\" xmlns=\\"http://www.w3.org/2000/svg\\"><path d=\\"M50,50L-25,-25L-25,50Z\\" fill=\\"#508c77\\" stroke=\\"#508c77\\" stroke-width=\\"1.51\\"></path><path d=\\"M50,50L50,-25L-25,-25Z\\" fill=\\"#4a6868\\" stroke=\\"#4a6868\\" stroke-width=\\"1.51\\"></path><path d=\\"M-25,-25L-100,-25L-25,50Z\\" fill=\\"#36715e\\" stroke=\\"#36715e\\" stroke-width=\\"1.51\\"></path><path d=\\"M-100,-25L-100,50L-25,50Z\\" fill=\\"#508c77\\" stroke=\\"#508c77\\" stroke-width=\\"1.51\\"></path><path d=\\"M50,-25L-25,-100L-25,-25Z\\" fill=\\"#36715e\\" stroke=\\"#36715e\\" stroke-width=\\"1.51\\"></path><path d=\\"M-25,-25L-25,-100L-100,-25Z\\" fill=\\"#36715e\\" stroke=\\"#36715e\\" stroke-width=\\"1.51\\"></path><path d=\\"M-100,50L-25,125L-25,50Z\\" fill=\\"#88c5ae\\" stroke=\\"#88c5ae\\" stroke-width=\\"1.51\\"></path><path d=\\"M-25,50L-25,125L50,50Z\\" fill=\\"#88c5ae\\" stroke=\\"#88c5ae\\" stroke-width=\\"1.51\\"></path><path d=\\"M50,-25L50,-100L-25,-100Z\\" fill=\\"#4a6868\\" stroke=\\"#4a6868\\" stroke-width=\\"1.51\\"></path><path d=\\"M-25,125L50,125L50,50Z\\" fill=\\"#b6d7d6\\" stroke=\\"#b6d7d6\\" stroke-width=\\"1.51\\"></path><path d=\\"M125,50L125,-25L50,50Z\\" fill=\\"#8b60a1\\" stroke=\\"#8b60a1\\" stroke-width=\\"1.51\\"></path><path d=\\"M50,50L125,-25L50,-25Z\\" fill=\\"#65537c\\" stroke=\\"#65537c\\" stroke-width=\\"1.51\\"></path><path d=\\"M50,-25L125,-25L50,-100Z\\" fill=\\"#65537c\\" stroke=\\"#65537c\\" stroke-width=\\"1.51\\"></path><path d=\\"M50,125L125,50L50,50Z\\" fill=\\"#b8a3d0\\" stroke=\\"#b8a3d0\\" stroke-width=\\"1.51\\"></path><path d=\\"M-25,-100L-100,-100L-100,-25Z\\" fill=\\"#36715e\\" stroke=\\"#36715e\\" stroke-width=\\"1.51\\"></path><path d=\\"M-100,50L-100,125L-25,125Z\\" fill=\\"#a4e2ca\\" stroke=\\"#a4e2ca\\" stroke-width=\\"1.51\\"></path><path d=\\"M125,-25L125,-100L50,-100Z\\" fill=\\"#704686\\" stroke=\\"#704686\\" stroke-width=\\"1.51\\"></path><path d=\\"M50,125L125,125L125,50Z\\" fill=\\"#e3b2f9\\" stroke=\\"#e3b2f9\\" stroke-width=\\"1.51\\"></path><path d=\\"M50,125L50,200L125,125Z\\" fill=\\"#d5bfee\\" stroke=\\"#d5bfee\\" stroke-width=\\"1.51\\"></path><path d=\\"M-25,125L-25,200L50,125Z\\" fill=\\"#a4e2ca\\" stroke=\\"#a4e2ca\\" stroke-width=\\"1.51\\"></path><path d=\\"M-100,125L-25,200L-25,125Z\\" fill=\\"#a4e2ca\\" stroke=\\"#a4e2ca\\" stroke-width=\\"1.51\\"></path><path d=\\"M-25,200L50,200L50,125Z\\" fill=\\"#b6d7d6\\" stroke=\\"#b6d7d6\\" stroke-width=\\"1.51\\"></path><path d=\\"M125,-25L200,-25L125,-100Z\\" fill=\\"#704686\\" stroke=\\"#704686\\" stroke-width=\\"1.51\\"></path><path d=\\"M125,50L200,-25L125,-25Z\\" fill=\\"#704686\\" stroke=\\"#704686\\" stroke-width=\\"1.51\\"></path><path d=\\"M200,50L200,-25L125,50Z\\" fill=\\"#8b60a1\\" stroke=\\"#8b60a1\\" stroke-width=\\"1.51\\"></path><path d=\\"M125,125L200,50L125,50Z\\" fill=\\"#c596db\\" stroke=\\"#c596db\\" stroke-width=\\"1.51\\"></path><path d=\\"M-100,125L-100,200L-25,200Z\\" fill=\\"#a4e2ca\\" stroke=\\"#a4e2ca\\" stroke-width=\\"1.51\\"></path><path d=\\"M125,125L200,125L200,50Z\\" fill=\\"#e3b2f9\\" stroke=\\"#e3b2f9\\" stroke-width=\\"1.51\\"></path><path d=\\"M50,200L125,200L125,125Z\\" fill=\\"#e3b2f9\\" stroke=\\"#e3b2f9\\" stroke-width=\\"1.51\\"></path><path d=\\"M200,-25L200,-100L125,-100Z\\" fill=\\"#704686\\" stroke=\\"#704686\\" stroke-width=\\"1.51\\"></path><path d=\\"M125,200L200,125L125,125Z\\" fill=\\"#e3b2f9\\" stroke=\\"#e3b2f9\\" stroke-width=\\"1.51\\"></path><path d=\\"M125,200L200,200L200,125Z\\" fill=\\"#e3b2f9\\" stroke=\\"#e3b2f9\\" stroke-width=\\"1.51\\"></path></svg>"`;

exports[`themer trianglify wallpaper should allow for specifying variances 4`] = `"<svg width=\\"100\\" height=\\"100\\" xmlns=\\"http://www.w3.org/2000/svg\\"><path d=\\"M50,50L-25,-25L-25,50Z\\" fill=\\"#a38548\\" stroke=\\"#a38548\\" stroke-width=\\"1.51\\"></path><path d=\\"M50,50L50,-25L-25,-25Z\\" fill=\\"#886140\\" stroke=\\"#886140\\" stroke-width=\\"1.51\\"></path><path d=\\"M-25,-25L-100,-25L-25,50Z\\" fill=\\"#876b2f\\" stroke=\\"#876b2f\\" stroke-width=\\"1.51\\"></path><path d=\\"M-100,-25L-100,50L-25,50Z\\" fill=\\"#a38548\\" stroke=\\"#a38548\\" stroke-width=\\"1.51\\"></path><path d=\\"M50,-25L-25,-100L-25,-25Z\\" fill=\\"#876b2f\\" stroke=\\"#876b2f\\" stroke-width=\\"1.51\\"></path><path d=\\"M-25,-25L-25,-100L-100,-25Z\\" fill=\\"#876b2f\\" stroke=\\"#876b2f\\" stroke-width=\\"1.51\\"></path><path d=\\"M-100,50L-25,125L-25,50Z\\" fill=\\"#dfbd7d\\" stroke=\\"#dfbd7d\\" stroke-width=\\"1.51\\"></path><path d=\\"M-25,50L-25,125L50,50Z\\" fill=\\"#dfbd7d\\" stroke=\\"#dfbd7d\\" stroke-width=\\"1.51\\"></path><path d=\\"M50,-25L50,-100L-25,-100Z\\" fill=\\"#886140\\" stroke=\\"#886140\\" stroke-width=\\"1.51\\"></path><path d=\\"M-25,125L50,125L50,50Z\\" fill=\\"#ffcfa9\\" stroke=\\"#ffcfa9\\" stroke-width=\\"1.51\\"></path><path d=\\"M125,50L125,-25L50,50Z\\" fill=\\"#a25987\\" stroke=\\"#a25987\\" stroke-width=\\"1.51\\"></path><path d=\\"M50,50L125,-25L50,-25Z\\" fill=\\"#874b5e\\" stroke=\\"#874b5e\\" stroke-width=\\"1.51\\"></path><path d=\\"M50,-25L125,-25L50,-100Z\\" fill=\\"#874b5e\\" stroke=\\"#874b5e\\" stroke-width=\\"1.51\\"></path><path d=\\"M50,125L125,50L50,50Z\\" fill=\\"#df9baf\\" stroke=\\"#df9baf\\" stroke-width=\\"1.51\\"></path><path d=\\"M-25,-100L-100,-100L-100,-25Z\\" fill=\\"#876b2f\\" stroke=\\"#876b2f\\" stroke-width=\\"1.51\\"></path><path d=\\"M-100,50L-100,125L-25,125Z\\" fill=\\"#feda98\\" stroke=\\"#feda98\\" stroke-width=\\"1.51\\"></path><path d=\\"M125,-25L125,-100L50,-100Z\\" fill=\\"#863f6c\\" stroke=\\"#863f6c\\" stroke-width=\\"1.51\\"></path><path d=\\"M50,125L125,125L125,50Z\\" fill=\\"#fcacdb\\" stroke=\\"#fcacdb\\" stroke-width=\\"1.51\\"></path><path d=\\"M50,125L50,200L125,125Z\\" fill=\\"#fdb8cb\\" stroke=\\"#fdb8cb\\" stroke-width=\\"1.51\\"></path><path d=\\"M-25,125L-25,200L50,125Z\\" fill=\\"#feda98\\" stroke=\\"#feda98\\" stroke-width=\\"1.51\\"></path><path d=\\"M-100,125L-25,200L-25,125Z\\" fill=\\"#feda98\\" stroke=\\"#feda98\\" stroke-width=\\"1.51\\"></path><path d=\\"M-25,200L50,200L50,125Z\\" fill=\\"#ffcfa9\\" stroke=\\"#ffcfa9\\" stroke-width=\\"1.51\\"></path><path d=\\"M125,-25L200,-25L125,-100Z\\" fill=\\"#863f6c\\" stroke=\\"#863f6c\\" stroke-width=\\"1.51\\"></path><path d=\\"M125,50L200,-25L125,-25Z\\" fill=\\"#863f6c\\" stroke=\\"#863f6c\\" stroke-width=\\"1.51\\"></path><path d=\\"M200,50L200,-25L125,50Z\\" fill=\\"#a25987\\" stroke=\\"#a25987\\" stroke-width=\\"1.51\\"></path><path d=\\"M125,125L200,50L125,50Z\\" fill=\\"#dd8fbe\\" stroke=\\"#dd8fbe\\" stroke-width=\\"1.51\\"></path><path d=\\"M-100,125L-100,200L-25,200Z\\" fill=\\"#feda98\\" stroke=\\"#feda98\\" stroke-width=\\"1.51\\"></path><path d=\\"M125,125L200,125L200,50Z\\" fill=\\"#fcacdb\\" stroke=\\"#fcacdb\\" stroke-width=\\"1.51\\"></path><path d=\\"M50,200L125,200L125,125Z\\" fill=\\"#fcacdb\\" stroke=\\"#fcacdb\\" stroke-width=\\"1.51\\"></path><path d=\\"M200,-25L200,-100L125,-100Z\\" fill=\\"#863f6c\\" stroke=\\"#863f6c\\" stroke-width=\\"1.51\\"></path><path d=\\"M125,200L200,125L125,125Z\\" fill=\\"#fcacdb\\" stroke=\\"#fcacdb\\" stroke-width=\\"1.51\\"></path><path d=\\"M125,200L200,200L200,125Z\\" fill=\\"#fcacdb\\" stroke=\\"#fcacdb\\" stroke-width=\\"1.51\\"></path></svg>"`;

exports[`themer trianglify wallpaper should list output files 1`] = `
"
Files generated:

* \`themer-wallpaper-trianglify-dark-1000x1000-0.5-1.svg\`
* \`themer-wallpaper-trianglify-dark-1000x1000-0.5-2.svg\`
* \`themer-wallpaper-trianglify-light-1000x1000-0.5-1.svg\`
* \`themer-wallpaper-trianglify-light-1000x1000-0.5-2.svg\`
"
`;
