// Jest Snapshot v1, https://goo.gl/fbAQLP

exports[`@themer/wallpaper-trianglify options should return proper defaults if none provided 1`] = `
Array [
  Object {
    "h": 1800,
    "w": 2880,
  },
  Object {
    "h": 1334,
    "w": 750,
  },
]
`;

exports[`@themer/wallpaper-trianglify options should return proper defaults if none provided 2`] = `
Array [
  0.75,
]
`;
